;****************************************************************************
; Copyright 1997 Symantec, Peter Norton Product Group
;****************************************************************************
; WD8SIGS.LST
;
; $Header:   S:/NAVEX/VCS/wd8sigs.lsv   1.2   08 May 1997 13:29:18   DCHI  $
;
; This file contains the list of files containing Word 8.0 macro virus
; signatures.
;
;****************************************************************************
; $Log:   S:/NAVEX/VCS/wd8sigs.lsv  $
   
      Rev 1.2   08 May 1997 13:29:18   DCHI
   Added wdvarsig.wdf to list.
   
      Rev 1.1   07 Apr 1997 16:41:14   CFORMUL
   Added more .wdf files:
     wdnamsig.wdf - hold name signatures
     wdvarsig.wdf - holds variant segnatures
     wd7sigs2.wdf - more known variant sigs
     wd7sigs3.wdf - even more known variant sigs
   
      Rev 1.0   13 Feb 1997 13:25:48   DCHI
   Initial revision.
;
;****************************************************************************

wdnamsig.wdf
wd7sigs.wdf
wd7sigs2.wdf
wd7sigs3.wdf
wd8sigs.wdf
wdvarsig.wdf
