dutch|BestandOpenen
dutch|BestandOpslaan
dutch|BestandOpslaanAls
dutch|BestandSluiten
dutch|BestandNieuwStandaard
dutch|BestandAfsluiten
english|FileOpen
english|FileSave
english|FileSaveAs
english|FileClose
english|FileNewDefault
english|FileExit
english|FilePrint
english|ToolsMacro
french|FichierOuvrir
french|FichierEnregistrer
french|FichierEnregistrerSous
french|FichierFermer
french|FichierNouveauDÈfaut
french|FichierQuitter
french|FichierImprimer
french|OutilsMacro
german|Datei÷ffnen
german|DateiSpeichern
german|DateiSpeichernUnter
german|DateiSchlieﬂen
german|DateiNeu
german|DateiBeenden
german|DateiDrucken
german|ExtrasMakro
italian|FileApri
italian|FileSalva
italian|FileSalvaConNome
italian|FileChiudi
italian|FileNuovoPredef
italian|FileEsci
italian|FileStampa
italian|StrumMacro
italian|Generale:
spanish|ArchivoAbrir
spanish|ArchivoGuardar
spanish|ArchivoGuardarComo
spanish|ArchivoCerrar
spanish|ArchivoNuevo
spanish|ArchivoSalir
spanish|ArchivoImprimir
spanish|HerramMacro
brazilian|ArquivoAbrir
brazilian|ArquivoSalvar
brazilian|ArquivoSalvarComo
brazilian|ArquivoFechar
brazilian|ArchivoNovo
brazilian|ArchivoSair
brazilian|ArquivoImprimir
brazilian|FerramMacro
