#######################################################################
# 
# Target file: AVISMonitor.lst
# 
# Target directory: D:\avis
# 
# Target machine: Gateways and the executive machine in the analysis center
# 
# Target application: AVISMonitor.exe
# 
# Please refer to the 'AnalysisCenterOperations.doc' file for more
# information on how to configure the Monitor program. The document
# file mentioned here can be found in the 'avis200.xxx\src\docs'
# subdirectory of the AVIS source tree.
# 
#######################################################################
Module Name : Definition1-LotusGo
Module File Path : C:\WWW\Bin\wHTTPg.exe  
Module Arguments : -r d:\avis\HTTPD.definition1.cnf
Module Auto Restart : Yes
Module Auto Stop Time : 0
Module Restart Time : 1

Module Name : LogParser
Module File Path : d:\perl\bin\perl.exe d:\avis\parseServletLogs.pl  
Module Arguments : D:\log /follow /verbose output=d:\log
Module Auto Restart : Yes
Module Auto Stop Time : 0
Module Restart Time : 1

Module Name : Pruner
Module File Path : d:\perl\bin\perl d:\avis\prune.pl
Module Arguments : logs 2
Module Auto Restart : Yes
Module Auto Stop Time : 0
Module Restart Time : 60
