;****************************************************************************
; Copyright 1996 Symantec, Peter Norton Product Group
;****************************************************************************
; WD7SIGS.LST
;
; $Header:   S:/NAVEX/VCS/wd7sigs.lsv   1.9   09 Oct 1998 12:17:48   relniti  $
;
; This file contains the list of files containing Word macro virus
; signatures.
;
;****************************************************************************
; $Log:   S:/NAVEX/VCS/wd7sigs.lsv  $
   
      Rev 1.9   09 Oct 1998 12:17:48   relniti
   ADD wd7sigs7.wdf
   
      Rev 1.8   21 Sep 1998 18:22:44   JWILBER
   Added support for sig files from foreign offices.
 
      Rev 1.7   30 Mar 1998 13:51:28   AOONWAL
   Added WD7SIGS6.WDF
 
      Rev 1.6   03 Mar 1998 10:49:14   JWILBER
   Removed references to wdf files for foreign offices.
 
      Rev 1.5   10 Feb 1998 21:18:42   JWILBER
   Added name sig files for foreign offices.
 
      Rev 1.4   09 Feb 1998 19:57:58   JWILBER
   Added WDF files for foreign offices.
 
      Rev 1.3   02 Oct 1997 17:53:54   AOONWAL
   Added wd7sigs5.wdf
 
      Rev 1.2   23 Jun 1997 15:02:36   AOONWAL
   Modified during JULY 97 build
 
      Rev JULY97   16 Jun 1997 17:10:36   ECHIEN
   Added wd7sigs
 
      Rev 1.1   07 Apr 1997 16:39:52   CFORMUL
   Added more .wdf files:
     wdnamsig.wdf - holds name signatures
     wdvarsig.wdf - hold variant signatures
     wd7sigs2.wdf - more known variant sigs
     wd7sigs3.wdf - even more know variant sigs
 
      Rev 1.0   17 Jan 1997 11:24:26   DCHI
   Initial revision.
;
;****************************************************************************

wdnamsig.wdf
wdausnam.wdf
wdeurnam.wdf
wdjapnam.wdf
wd7sigs.wdf
wd7sigs2.wdf
wd7sigs3.wdf
wd7sigs4.wdf
wd7sigs5.wdf
wd7sigs6.wdf
wd7sigs7.wdf
wdaussig.wdf
wdeursig.wdf
wdjapsig.wdf
wdvarsig.wdf
