V:\RAPTOR\SYMFSV\PVCS\WNZIP\COMPRESS.H_V
V:\RAPTOR\SYMFSV\PVCS\WNZIP\UNARC.H_V
V:\RAPTOR\SYMFSV\PVCS\WNZIP\WNZIP.H_V
V:\RAPTOR\SYMFSV\PVCS\WNZIP\CRC32.C_V
V:\RAPTOR\SYMFSV\PVCS\WNZIP\EXPLODE.C_V
V:\RAPTOR\SYMFSV\PVCS\WNZIP\DILUTE.OBV
V:\RAPTOR\SYMFSV\PVCS\WNZIP\DISTILL.OBV
V:\RAPTOR\SYMFSV\PVCS\WNZIP\IMPLODE.OBV
V:\RAPTOR\SYMFSV\PVCS\WNZIP\WNZIP.C_V
V:\RAPTOR\SYMFSV\PVCS\WNZIP\COMPRESS.C_V
V:\RAPTOR\SYMFSV\PVCS\WNZIP\EXPAND.C_V
V:\RAPTOR\SYMFSV\PVCS\WNZIP\FATTEN.C_V
V:\RAPTOR\SYMFSV\PVCS\WNZIP\UNARC.C_V
V:\RAPTOR\SYMFSV\PVCS\WNZIP\UNSHRINK.C_V
V:\RAPTOR\SYMFSV\PVCS\WNZIP\UTILITY.C_V
V:\RAPTOR\SYMFSV\PVCS\WNZIP\Z_SHRINK.C_V
V:\RAPTOR\SYMFSV\PVCS\WNZIP\ZIP2XCOM.C_V
V:\RAPTOR\SYMFSV\PVCS\WNZIP\ZIP2XEXP.C_V
V:\RAPTOR\SYMFSV\PVCS\WNZIP\ZIP2XIO.C_V
V:\RAPTOR\SYMFSV\PVCS\WNZIP\ZIP2XSHR.C_V
V:\RAPTOR\SYMFSV\PVCS\WNZIP\ZIP2XCOD.C_V
V:\RAPTOR\SYMFSV\PVCS\WNZIP\ZIP2X.H_V
V:\RAPTOR\SYMFSV\PVCS\WNZIP\ZIP2X.I_V
V:\RAPTOR\SYMFSV\PVCS\WNZIP\ZIP1XEXP.C_V
V:\RAPTOR\SYMFSV\PVCS\WNZIP\PZIP2X.H_V
V:\RAPTOR\SYMFSV\PVCS\WNZIP\ENLZH45.C_V
V:\RAPTOR\SYMFSV\PVCS\WNZIP\DCLZH45.C_V
V:\RAPTOR\SYMFSV\PVCS\WNZIP\LZHUTIL.C_V
V:\RAPTOR\SYMFSV\PVCS\WNZIP\LZH.P_V
V:\RAPTOR\SYMFSV\PVCS\WNZIP\LZH.H_V
V:\RAPTOR\SYMFSV\PVCS\SRC\PMEMLIST.C_V
V:\RAPTOR\SYMFSV\PVCS\INC\FSV_PCH.H_V
V:\RAPTOR\SYMFSV\PVCS\INC\WNFSV.SEV
V:\RAPTOR\SYMFSV\PVCS\INC\FSV.P_V
