#do NOT choose the same name for different files
#even if they do not have the same extension,
#because word sometimes changes the extensions of the files,
#especially .doc into .dot
#
#virus sample
#
[VIRUS]|virus|{VIRUSPATH}|{VIRDIR}\{VIRNAME}
[DOC]|convert|{VIRUSPATH}|{DOCSDIR}\Convert.doc
[GLOBAL]|normalvirus|{VIRUSPATH}|{GLOBALDIR}\{GLOBALNAME}
[DOC]|sample|{VIRUSPATH}|{DOCSDIR}\Sample.doc
#
#copy of the virus
#
[DOC]|vircopy||{DOCSDIR}\VirCopy.doc
#
[DOC]|plaindoc|{GOATSDIR}\plain._oc|
# global templates
[GLOBAL]|normal1|{GOATSDIR}\normal._ot|{GLOBALDIR}\{GLOBALNAME}
[GLOBAL]|normal2|{GOATSDIR}\normal._ot|{GLOBALDIR}\{GLOBALNAME}
[GLOBAL]|normal3|{GOATSDIR}\normal._ot|{GLOBALDIR}\{GLOBALNAME}
[GLOBAL]|normal4|{GOATSDIR}\normal._ot|{GLOBALDIR}\{GLOBALNAME}
# standard goats
[DOC]|main|{GOATSDIR}\main._oc|{DOCSDIR}\main.doc
[DOC]|mainb||{DOCSDIR}\mainb.doc
[DOC]|JanaInt|{GOATSDIR}\janaint._oc|{DOCSDIR}\JanaInt.doc
[DOC]|JanaIntb||{DOCSDIR}\JanaIntb.doc
[DOC]|Moving|{GOATSDIR}\moving._oc|{DOCSDIR}\Moving.doc
[DOC]|Movingb||{DOCSDIR}\Movingb.doc
[DOC]|Party|{GOATSDIR}\party._oc|{DOCSDIR}\Party.doc
[DOC]|Partyb||{DOCSDIR}\Partyb.doc
[DOC]|main1|{GOATSDIR}\main._oc|{DOCSDIR}\main1.doc
[DOC]|main1b||{DOCSDIR}\main1b.doc
[DOC]|JanaInt1|{GOATSDIR}\janaint._oc|{DOCSDIR}\JanaInt1.doc
[DOC]|JanaInt1b||{DOCSDIR}\JanaInt1b.doc
[DOC]|Moving1|{GOATSDIR}\moving._oc|{DOCSDIR}\Moving1.doc
[DOC]|Moving1b||{DOCSDIR}\Moving1b.doc
[DOC]|Party1|{GOATSDIR}\party._oc|{DOCSDIR}\Party1.doc
[DOC]|Party1b||{DOCSDIR}\Party1b.doc
#
# for the Johnny viruses
#
[DOC]|Umain|{GOATSDIR}\main._oc|{DOCSDIR}\Umain.DOC
[DOC]|UJanaInt|{GOATSDIR}\janaint._oc|{DOCSDIR}\UJanaInt.DOC
[DOC]|UMoving|{GOATSDIR}\moving._oc|{DOCSDIR}\UMoving.DOC
[DOC]|UParty|{GOATSDIR}\party._oc|{DOCSDIR}\UParty.DOC
#
# templates for viruses that don't set the template byte when copying macros
#
[DOC]|tmain|{GOATSDIR}\main._oc|{DOCSDIR}\tmain.doc
[DOC]|tmainb||{DOCSDIR}\tmainb.doc
[DOC]|tJanaInt|{GOATSDIR}\janaint._oc|{DOCSDIR}\tJanaInt.doc
[DOC]|tJanaIntb||{DOCSDIR}\tJanaInt.doc
[DOC]|tMoving|{GOATSDIR}\moving._oc|{DOCSDIR}\tMoving.doc
[DOC]|tMovingb||{DOCSDIR}\tMovingb.doc
[DOC]|tParty|{GOATSDIR}\party._oc|{DOCSDIR}\tParty.doc
[DOC]|tPartyb||{DOCSDIR}\tPartyb.doc
#
# new files
#
[DOC]|newgoat1||{DOCSDIR}\File1.doc
[DOC]|newgoat2||{DOCSDIR}\File2.doc
[DOC]|newgoat3||{DOCSDIR}\File3.doc
[DOC]|newgoat4||{DOCSDIR}\File4.doc
[DOC]|new1||
[DOC]|new2||
[DOC]|new3||
[DOC]|new4||
#
[DOC]|wallpaper|{GOATSDIR}\plain._oc|{DOCSDIR}\wallpaper.doc
